{
  "testcases": [
    {
      "id": "Z-TC-GOLD-0001",
      "key": "Z-TC-0001",
      "name": "Golden Test Case 1",
      "projectId": 10001,
      "status": "Draft",
      "priority": "Critical",
      "labels": [
        "golden",
        "automated"
      ],
      "component": "Backend",
      "estimatedTime": 300000,
      "steps": [
        {
          "order": 1,
          "description": "Step 1 for test case 1",
          "expected": "Expected result 1"
        },
        {
          "order": 2,
          "description": "Step 2 for test case 1",
          "expected": "Expected result 2"
        },
        {
          "order": 3,
          "description": "Step 3 for test case 1",
          "expected": "Expected result 3"
        }
      ],
      "createdOn": "2024-01-01T00:00:00Z",
      "updatedOn": "2024-01-02T00:00:00Z"
    },
    {
      "id": "Z-TC-GOLD-0002",
      "key": "Z-TC-0002",
      "name": "Golden Test Case 2",
      "projectId": 10001,
      "status": "Approved",
      "priority": "High",
      "labels": [
        "golden",
        "manual"
      ],
      "component": "Frontend",
      "estimatedTime": 360000,
      "steps": [
        {
          "order": 1,
          "description": "Step 1 for test case 2",
          "expected": "Expected result 1"
        },
        {
          "order": 2,
          "description": "Step 2 for test case 2",
          "expected": "Expected result 2"
        },
        {
          "order": 3,
          "description": "Step 3 for test case 2",
          "expected": "Expected result 3"
        },
        {
          "order": 4,
          "description": "Step 4 for test case 2",
          "expected": "Expected result 4"
        }
      ],
      "createdOn": "2024-01-01T01:00:00Z",
      "updatedOn": "2024-01-02T01:00:00Z"
    },
    {
      "id": "Z-TC-GOLD-0003",
      "key": "Z-TC-0003",
      "name": "Golden Test Case 3",
      "projectId": 10001,
      "status": "Deprecated",
      "priority": "Medium",
      "labels": [
        "golden",
        "automated"
      ],
      "component": "Backend",
      "estimatedTime": 420000,
      "steps": [
        {
          "order": 1,
          "description": "Step 1 for test case 3",
          "expected": "Expected result 1"
        },
        {
          "order": 2,
          "description": "Step 2 for test case 3",
          "expected": "Expected result 2"
        },
        {
          "order": 3,
          "description": "Step 3 for test case 3",
          "expected": "Expected result 3"
        },
        {
          "order": 4,
          "description": "Step 4 for test case 3",
          "expected": "Expected result 4"
        },
        {
          "order": 5,
          "description": "Step 5 for test case 3",
          "expected": "Expected result 5"
        }
      ],
      "createdOn": "2024-01-01T02:00:00Z",
      "updatedOn": "2024-01-02T02:00:00Z"
    },
    {
      "id": "Z-TC-GOLD-0004",
      "key": "Z-TC-0004",
      "name": "Golden Test Case 4",
      "projectId": 10001,
      "status": "Draft",
      "priority": "Low",
      "labels": [
        "golden",
        "manual"
      ],
      "component": "Frontend",
      "estimatedTime": 480000,
      "steps": [
        {
          "order": 1,
          "description": "Step 1 for test case 4",
          "expected": "Expected result 1"
        },
        {
          "order": 2,
          "description": "Step 2 for test case 4",
          "expected": "Expected result 2"
        },
        {
          "order": 3,
          "description": "Step 3 for test case 4",
          "expected": "Expected result 3"
        }
      ],
      "createdOn": "2024-01-01T03:00:00Z",
      "updatedOn": "2024-01-02T03:00:00Z"
    },
    {
      "id": "Z-TC-GOLD-0005",
      "key": "Z-TC-0005",
      "name": "Golden Test Case 5",
      "projectId": 10001,
      "status": "Approved",
      "priority": "Critical",
      "labels": [
        "golden",
        "automated"
      ],
      "component": "Backend",
      "estimatedTime": 540000,
      "steps": [
        {
          "order": 1,
          "description": "Step 1 for test case 5",
          "expected": "Expected result 1"
        },
        {
          "order": 2,
          "description": "Step 2 for test case 5",
          "expected": "Expected result 2"
        },
        {
          "order": 3,
          "description": "Step 3 for test case 5",
          "expected": "Expected result 3"
        },
        {
          "order": 4,
          "description": "Step 4 for test case 5",
          "expected": "Expected result 4"
        }
      ],
      "createdOn": "2024-01-01T04:00:00Z",
      "updatedOn": "2024-01-02T04:00:00Z"
    },
    {
      "id": "Z-TC-GOLD-0006",
      "key": "Z-TC-0006",
      "name": "Golden Test Case 6",
      "projectId": 10001,
      "status": "Deprecated",
      "priority": "High",
      "labels": [
        "golden",
        "manual"
      ],
      "component": "Frontend",
      "estimatedTime": 600000,
      "steps": [
        {
          "order": 1,
          "description": "Step 1 for test case 6",
          "expected": "Expected result 1"
        },
        {
          "order": 2,
          "description": "Step 2 for test case 6",
          "expected": "Expected result 2"
        },
        {
          "order": 3,
          "description": "Step 3 for test case 6",
          "expected": "Expected result 3"
        },
        {
          "order": 4,
          "description": "Step 4 for test case 6",
          "expected": "Expected result 4"
        },
        {
          "order": 5,
          "description": "Step 5 for test case 6",
          "expected": "Expected result 5"
        }
      ],
      "createdOn": "2024-01-01T05:00:00Z",
      "updatedOn": "2024-01-02T05:00:00Z"
    },
    {
      "id": "Z-TC-GOLD-0007",
      "key": "Z-TC-0007",
      "name": "Golden Test Case 7",
      "projectId": 10001,
      "status": "Draft",
      "priority": "Medium",
      "labels": [
        "golden",
        "automated"
      ],
      "component": "Backend",
      "estimatedTime": 660000,
      "steps": [
        {
          "order": 1,
          "description": "Step 1 for test case 7",
          "expected": "Expected result 1"
        },
        {
          "order": 2,
          "description": "Step 2 for test case 7",
          "expected": "Expected result 2"
        },
        {
          "order": 3,
          "description": "Step 3 for test case 7",
          "expected": "Expected result 3"
        }
      ],
      "createdOn": "2024-01-01T06:00:00Z",
      "updatedOn": "2024-01-02T06:00:00Z"
    },
    {
      "id": "Z-TC-GOLD-0008",
      "key": "Z-TC-0008",
      "name": "Golden Test Case 8",
      "projectId": 10001,
      "status": "Approved",
      "priority": "Low",
      "labels": [
        "golden",
        "manual"
      ],
      "component": "Frontend",
      "estimatedTime": 720000,
      "steps": [
        {
          "order": 1,
          "description": "Step 1 for test case 8",
          "expected": "Expected result 1"
        },
        {
          "order": 2,
          "description": "Step 2 for test case 8",
          "expected": "Expected result 2"
        },
        {
          "order": 3,
          "description": "Step 3 for test case 8",
          "expected": "Expected result 3"
        },
        {
          "order": 4,
          "description": "Step 4 for test case 8",
          "expected": "Expected result 4"
        }
      ],
      "createdOn": "2024-01-01T07:00:00Z",
      "updatedOn": "2024-01-02T07:00:00Z"
    },
    {
      "id": "Z-TC-GOLD-0009",
      "key": "Z-TC-0009",
      "name": "Golden Test Case 9",
      "projectId": 10001,
      "status": "Deprecated",
      "priority": "Critical",
      "labels": [
        "golden",
        "automated"
      ],
      "component": "Backend",
      "estimatedTime": 780000,
      "steps": [
        {
          "order": 1,
          "description": "Step 1 for test case 9",
          "expected": "Expected result 1"
        },
        {
          "order": 2,
          "description": "Step 2 for test case 9",
          "expected": "Expected result 2"
        },
        {
          "order": 3,
          "description": "Step 3 for test case 9",
          "expected": "Expected result 3"
        },
        {
          "order": 4,
          "description": "Step 4 for test case 9",
          "expected": "Expected result 4"
        },
        {
          "order": 5,
          "description": "Step 5 for test case 9",
          "expected": "Expected result 5"
        }
      ],
      "createdOn": "2024-01-01T08:00:00Z",
      "updatedOn": "2024-01-02T08:00:00Z"
    },
    {
      "id": "Z-TC-GOLD-0010",
      "key": "Z-TC-0010",
      "name": "Golden Test Case 10",
      "projectId": 10001,
      "status": "Draft",
      "priority": "High",
      "labels": [
        "golden",
        "manual"
      ],
      "component": "Frontend",
      "estimatedTime": 840000,
      "steps": [
        {
          "order": 1,
          "description": "Step 1 for test case 10",
          "expected": "Expected result 1"
        },
        {
          "order": 2,
          "description": "Step 2 for test case 10",
          "expected": "Expected result 2"
        },
        {
          "order": 3,
          "description": "Step 3 for test case 10",
          "expected": "Expected result 3"
        }
      ],
      "createdOn": "2024-01-01T09:00:00Z",
      "updatedOn": "2024-01-02T09:00:00Z"
    },
    {
      "id": "Z-TC-GOLD-0011",
      "key": "Z-TC-0011",
      "name": "Golden Test Case 11",
      "projectId": 10001,
      "status": "Approved",
      "priority": "Medium",
      "labels": [
        "golden",
        "automated"
      ],
      "component": "Backend",
      "estimatedTime": 900000,
      "steps": [
        {
          "order": 1,
          "description": "Step 1 for test case 11",
          "expected": "Expected result 1"
        },
        {
          "order": 2,
          "description": "Step 2 for test case 11",
          "expected": "Expected result 2"
        },
        {
          "order": 3,
          "description": "Step 3 for test case 11",
          "expected": "Expected result 3"
        },
        {
          "order": 4,
          "description": "Step 4 for test case 11",
          "expected": "Expected result 4"
        }
      ],
      "createdOn": "2024-01-01T10:00:00Z",
      "updatedOn": "2024-01-02T10:00:00Z"
    },
    {
      "id": "Z-TC-GOLD-0012",
      "key": "Z-TC-0012",
      "name": "Golden Test Case 12",
      "projectId": 10001,
      "status": "Deprecated",
      "priority": "Low",
      "labels": [
        "golden",
        "manual"
      ],
      "component": "Frontend",
      "estimatedTime": 960000,
      "steps": [
        {
          "order": 1,
          "description": "Step 1 for test case 12",
          "expected": "Expected result 1"
        },
        {
          "order": 2,
          "description": "Step 2 for test case 12",
          "expected": "Expected result 2"
        },
        {
          "order": 3,
          "description": "Step 3 for test case 12",
          "expected": "Expected result 3"
        },
        {
          "order": 4,
          "description": "Step 4 for test case 12",
          "expected": "Expected result 4"
        },
        {
          "order": 5,
          "description": "Step 5 for test case 12",
          "expected": "Expected result 5"
        }
      ],
      "createdOn": "2024-01-01T11:00:00Z",
      "updatedOn": "2024-01-02T11:00:00Z"
    },
    {
      "id": "Z-TC-GOLD-0013",
      "key": "Z-TC-0013",
      "name": "Golden Test Case 13",
      "projectId": 10001,
      "status": "Draft",
      "priority": "Critical",
      "labels": [
        "golden",
        "automated"
      ],
      "component": "Backend",
      "estimatedTime": 1020000,
      "steps": [
        {
          "order": 1,
          "description": "Step 1 for test case 13",
          "expected": "Expected result 1"
        },
        {
          "order": 2,
          "description": "Step 2 for test case 13",
          "expected": "Expected result 2"
        },
        {
          "order": 3,
          "description": "Step 3 for test case 13",
          "expected": "Expected result 3"
        }
      ],
      "createdOn": "2024-01-01T12:00:00Z",
      "updatedOn": "2024-01-02T12:00:00Z"
    },
    {
      "id": "Z-TC-GOLD-0014",
      "key": "Z-TC-0014",
      "name": "Golden Test Case 14",
      "projectId": 10001,
      "status": "Approved",
      "priority": "High",
      "labels": [
        "golden",
        "manual"
      ],
      "component": "Frontend",
      "estimatedTime": 1080000,
      "steps": [
        {
          "order": 1,
          "description": "Step 1 for test case 14",
          "expected": "Expected result 1"
        },
        {
          "order": 2,
          "description": "Step 2 for test case 14",
          "expected": "Expected result 2"
        },
        {
          "order": 3,
          "description": "Step 3 for test case 14",
          "expected": "Expected result 3"
        },
        {
          "order": 4,
          "description": "Step 4 for test case 14",
          "expected": "Expected result 4"
        }
      ],
      "createdOn": "2024-01-01T13:00:00Z",
      "updatedOn": "2024-01-02T13:00:00Z"
    },
    {
      "id": "Z-TC-GOLD-0015",
      "key": "Z-TC-0015",
      "name": "Golden Test Case 15",
      "projectId": 10001,
      "status": "Deprecated",
      "priority": "Medium",
      "labels": [
        "golden",
        "automated"
      ],
      "component": "Backend",
      "estimatedTime": 1140000,
      "steps": [
        {
          "order": 1,
          "description": "Step 1 for test case 15",
          "expected": "Expected result 1"
        },
        {
          "order": 2,
          "description": "Step 2 for test case 15",
          "expected": "Expected result 2"
        },
        {
          "order": 3,
          "description": "Step 3 for test case 15",
          "expected": "Expected result 3"
        },
        {
          "order": 4,
          "description": "Step 4 for test case 15",
          "expected": "Expected result 4"
        },
        {
          "order": 5,
          "description": "Step 5 for test case 15",
          "expected": "Expected result 5"
        }
      ],
      "createdOn": "2024-01-01T14:00:00Z",
      "updatedOn": "2024-01-02T14:00:00Z"
    },
    {
      "id": "Z-TC-GOLD-0016",
      "key": "Z-TC-0016",
      "name": "Golden Test Case 16",
      "projectId": 10001,
      "status": "Draft",
      "priority": "Low",
      "labels": [
        "golden",
        "manual"
      ],
      "component": "Frontend",
      "estimatedTime": 1200000,
      "steps": [
        {
          "order": 1,
          "description": "Step 1 for test case 16",
          "expected": "Expected result 1"
        },
        {
          "order": 2,
          "description": "Step 2 for test case 16",
          "expected": "Expected result 2"
        },
        {
          "order": 3,
          "description": "Step 3 for test case 16",
          "expected": "Expected result 3"
        }
      ],
      "createdOn": "2024-01-01T15:00:00Z",
      "updatedOn": "2024-01-02T15:00:00Z"
    },
    {
      "id": "Z-TC-GOLD-0017",
      "key": "Z-TC-0017",
      "name": "Golden Test Case 17",
      "projectId": 10001,
      "status": "Approved",
      "priority": "Critical",
      "labels": [
        "golden",
        "automated"
      ],
      "component": "Backend",
      "estimatedTime": 1260000,
      "steps": [
        {
          "order": 1,
          "description": "Step 1 for test case 17",
          "expected": "Expected result 1"
        },
        {
          "order": 2,
          "description": "Step 2 for test case 17",
          "expected": "Expected result 2"
        },
        {
          "order": 3,
          "description": "Step 3 for test case 17",
          "expected": "Expected result 3"
        },
        {
          "order": 4,
          "description": "Step 4 for test case 17",
          "expected": "Expected result 4"
        }
      ],
      "createdOn": "2024-01-01T16:00:00Z",
      "updatedOn": "2024-01-02T16:00:00Z"
    },
    {
      "id": "Z-TC-GOLD-0018",
      "key": "Z-TC-0018",
      "name": "Golden Test Case 18",
      "projectId": 10001,
      "status": "Deprecated",
      "priority": "High",
      "labels": [
        "golden",
        "manual"
      ],
      "component": "Frontend",
      "estimatedTime": 1320000,
      "steps": [
        {
          "order": 1,
          "description": "Step 1 for test case 18",
          "expected": "Expected result 1"
        },
        {
          "order": 2,
          "description": "Step 2 for test case 18",
          "expected": "Expected result 2"
        },
        {
          "order": 3,
          "description": "Step 3 for test case 18",
          "expected": "Expected result 3"
        },
        {
          "order": 4,
          "description": "Step 4 for test case 18",
          "expected": "Expected result 4"
        },
        {
          "order": 5,
          "description": "Step 5 for test case 18",
          "expected": "Expected result 5"
        }
      ],
      "createdOn": "2024-01-01T17:00:00Z",
      "updatedOn": "2024-01-02T17:00:00Z"
    },
    {
      "id": "Z-TC-GOLD-0019",
      "key": "Z-TC-0019",
      "name": "Golden Test Case 19",
      "projectId": 10001,
      "status": "Draft",
      "priority": "Medium",
      "labels": [
        "golden",
        "automated"
      ],
      "component": "Backend",
      "estimatedTime": 1380000,
      "steps": [
        {
          "order": 1,
          "description": "Step 1 for test case 19",
          "expected": "Expected result 1"
        },
        {
          "order": 2,
          "description": "Step 2 for test case 19",
          "expected": "Expected result 2"
        },
        {
          "order": 3,
          "description": "Step 3 for test case 19",
          "expected": "Expected result 3"
        }
      ],
      "createdOn": "2024-01-01T18:00:00Z",
      "updatedOn": "2024-01-02T18:00:00Z"
    },
    {
      "id": "Z-TC-GOLD-0020",
      "key": "Z-TC-0020",
      "name": "Golden Test Case 20",
      "projectId": 10001,
      "status": "Approved",
      "priority": "Low",
      "labels": [
        "golden",
        "manual"
      ],
      "component": "Frontend",
      "estimatedTime": 1440000,
      "steps": [
        {
          "order": 1,
          "description": "Step 1 for test case 20",
          "expected": "Expected result 1"
        },
        {
          "order": 2,
          "description": "Step 2 for test case 20",
          "expected": "Expected result 2"
        },
        {
          "order": 3,
          "description": "Step 3 for test case 20",
          "expected": "Expected result 3"
        },
        {
          "order": 4,
          "description": "Step 4 for test case 20",
          "expected": "Expected result 4"
        }
      ],
      "createdOn": "2024-01-01T19:00:00Z",
      "updatedOn": "2024-01-02T19:00:00Z"
    }
  ],
  "metadata": {
    "type": "golden",
    "vendor": "zephyr",
    "generated_at": "2025-09-21T16:10:05.783426",
    "record_count": 20
  }
}