{
  "issues": [
    {
      "id": "GOLD-1000",
      "key": "TEST-1",
      "fields": {
        "summary": "Golden test issue 1",
        "description": "This is a deterministic test issue number 1",
        "status": {
          "name": "Open"
        },
        "priority": {
          "name": "High"
        },
        "issuetype": {
          "name": "Bug"
        },
        "assignee": {
          "accountId": "user-0",
          "emailAddress": "user0@golden.test",
          "displayName": "Test User 0"
        },
        "reporter": {
          "accountId": "reporter-1",
          "emailAddress": "reporter@golden.test",
          "displayName": "Test Reporter"
        },
        "created": "2024-01-01T00:00:00Z",
        "updated": "2024-01-02T00:00:00Z",
        "labels": [
          "golden",
          "test"
        ],
        "components": [
          {
            "name": "Backend"
          }
        ]
      }
    },
    {
      "id": "GOLD-1001",
      "key": "TEST-2",
      "fields": {
        "summary": "Golden test issue 2",
        "description": "This is a deterministic test issue number 2",
        "status": {
          "name": "In Progress"
        },
        "priority": {
          "name": "Medium"
        },
        "issuetype": {
          "name": "Story"
        },
        "assignee": null,
        "reporter": {
          "accountId": "reporter-1",
          "emailAddress": "reporter@golden.test",
          "displayName": "Test Reporter"
        },
        "created": "2024-01-02T01:00:00Z",
        "updated": "2024-01-03T01:00:00Z",
        "labels": [
          "golden"
        ],
        "components": [
          {
            "name": "Frontend"
          }
        ]
      }
    },
    {
      "id": "GOLD-1002",
      "key": "TEST-3",
      "fields": {
        "summary": "Golden test issue 3",
        "description": "This is a deterministic test issue number 3",
        "status": {
          "name": "Done"
        },
        "priority": {
          "name": "Low"
        },
        "issuetype": {
          "name": "Task"
        },
        "assignee": {
          "accountId": "user-2",
          "emailAddress": "user2@golden.test",
          "displayName": "Test User 2"
        },
        "reporter": {
          "accountId": "reporter-1",
          "emailAddress": "reporter@golden.test",
          "displayName": "Test Reporter"
        },
        "created": "2024-01-03T02:00:00Z",
        "updated": "2024-01-04T02:00:00Z",
        "labels": [
          "golden"
        ],
        "components": [
          {
            "name": "Backend"
          }
        ]
      }
    },
    {
      "id": "GOLD-1003",
      "key": "TEST-4",
      "fields": {
        "summary": "Golden test issue 4",
        "description": "This is a deterministic test issue number 4",
        "status": {
          "name": "Blocked"
        },
        "priority": {
          "name": "High"
        },
        "issuetype": {
          "name": "Epic"
        },
        "assignee": null,
        "reporter": {
          "accountId": "reporter-1",
          "emailAddress": "reporter@golden.test",
          "displayName": "Test Reporter"
        },
        "created": "2024-01-04T03:00:00Z",
        "updated": "2024-01-05T03:00:00Z",
        "labels": [
          "golden",
          "test"
        ],
        "components": [
          {
            "name": "Frontend"
          }
        ]
      }
    },
    {
      "id": "GOLD-1004",
      "key": "TEST-5",
      "fields": {
        "summary": "Golden test issue 5",
        "description": "This is a deterministic test issue number 5",
        "status": {
          "name": "Open"
        },
        "priority": {
          "name": "Medium"
        },
        "issuetype": {
          "name": "Bug"
        },
        "assignee": {
          "accountId": "user-1",
          "emailAddress": "user1@golden.test",
          "displayName": "Test User 1"
        },
        "reporter": {
          "accountId": "reporter-1",
          "emailAddress": "reporter@golden.test",
          "displayName": "Test Reporter"
        },
        "created": "2024-01-05T04:00:00Z",
        "updated": "2024-01-06T04:00:00Z",
        "labels": [
          "golden"
        ],
        "components": [
          {
            "name": "Backend"
          }
        ]
      }
    },
    {
      "id": "GOLD-1005",
      "key": "TEST-6",
      "fields": {
        "summary": "Golden test issue 6",
        "description": "This is a deterministic test issue number 6",
        "status": {
          "name": "In Progress"
        },
        "priority": {
          "name": "Low"
        },
        "issuetype": {
          "name": "Story"
        },
        "assignee": null,
        "reporter": {
          "accountId": "reporter-1",
          "emailAddress": "reporter@golden.test",
          "displayName": "Test Reporter"
        },
        "created": "2024-01-06T05:00:00Z",
        "updated": "2024-01-07T05:00:00Z",
        "labels": [
          "golden"
        ],
        "components": [
          {
            "name": "Frontend"
          }
        ]
      }
    },
    {
      "id": "GOLD-1006",
      "key": "TEST-7",
      "fields": {
        "summary": "Golden test issue 7",
        "description": "This is a deterministic test issue number 7",
        "status": {
          "name": "Done"
        },
        "priority": {
          "name": "High"
        },
        "issuetype": {
          "name": "Task"
        },
        "assignee": {
          "accountId": "user-0",
          "emailAddress": "user0@golden.test",
          "displayName": "Test User 0"
        },
        "reporter": {
          "accountId": "reporter-1",
          "emailAddress": "reporter@golden.test",
          "displayName": "Test Reporter"
        },
        "created": "2024-01-07T06:00:00Z",
        "updated": "2024-01-08T06:00:00Z",
        "labels": [
          "golden",
          "test"
        ],
        "components": [
          {
            "name": "Backend"
          }
        ]
      }
    },
    {
      "id": "GOLD-1007",
      "key": "TEST-8",
      "fields": {
        "summary": "Golden test issue 8",
        "description": "This is a deterministic test issue number 8",
        "status": {
          "name": "Blocked"
        },
        "priority": {
          "name": "Medium"
        },
        "issuetype": {
          "name": "Epic"
        },
        "assignee": null,
        "reporter": {
          "accountId": "reporter-1",
          "emailAddress": "reporter@golden.test",
          "displayName": "Test Reporter"
        },
        "created": "2024-01-08T07:00:00Z",
        "updated": "2024-01-09T07:00:00Z",
        "labels": [
          "golden"
        ],
        "components": [
          {
            "name": "Frontend"
          }
        ]
      }
    },
    {
      "id": "GOLD-1008",
      "key": "TEST-9",
      "fields": {
        "summary": "Golden test issue 9",
        "description": "This is a deterministic test issue number 9",
        "status": {
          "name": "Open"
        },
        "priority": {
          "name": "Low"
        },
        "issuetype": {
          "name": "Bug"
        },
        "assignee": {
          "accountId": "user-2",
          "emailAddress": "user2@golden.test",
          "displayName": "Test User 2"
        },
        "reporter": {
          "accountId": "reporter-1",
          "emailAddress": "reporter@golden.test",
          "displayName": "Test Reporter"
        },
        "created": "2024-01-09T08:00:00Z",
        "updated": "2024-01-10T08:00:00Z",
        "labels": [
          "golden"
        ],
        "components": [
          {
            "name": "Backend"
          }
        ]
      }
    },
    {
      "id": "GOLD-1009",
      "key": "TEST-10",
      "fields": {
        "summary": "Golden test issue 10",
        "description": "This is a deterministic test issue number 10",
        "status": {
          "name": "In Progress"
        },
        "priority": {
          "name": "High"
        },
        "issuetype": {
          "name": "Story"
        },
        "assignee": null,
        "reporter": {
          "accountId": "reporter-1",
          "emailAddress": "reporter@golden.test",
          "displayName": "Test Reporter"
        },
        "created": "2024-01-10T09:00:00Z",
        "updated": "2024-01-11T09:00:00Z",
        "labels": [
          "golden",
          "test"
        ],
        "components": [
          {
            "name": "Frontend"
          }
        ]
      }
    },
    {
      "id": "GOLD-1010",
      "key": "TEST-11",
      "fields": {
        "summary": "Golden test issue 11",
        "description": "This is a deterministic test issue number 11",
        "status": {
          "name": "Done"
        },
        "priority": {
          "name": "Medium"
        },
        "issuetype": {
          "name": "Task"
        },
        "assignee": {
          "accountId": "user-1",
          "emailAddress": "user1@golden.test",
          "displayName": "Test User 1"
        },
        "reporter": {
          "accountId": "reporter-1",
          "emailAddress": "reporter@golden.test",
          "displayName": "Test Reporter"
        },
        "created": "2024-01-11T10:00:00Z",
        "updated": "2024-01-12T10:00:00Z",
        "labels": [
          "golden"
        ],
        "components": [
          {
            "name": "Backend"
          }
        ]
      }
    },
    {
      "id": "GOLD-1011",
      "key": "TEST-12",
      "fields": {
        "summary": "Golden test issue 12",
        "description": "This is a deterministic test issue number 12",
        "status": {
          "name": "Blocked"
        },
        "priority": {
          "name": "Low"
        },
        "issuetype": {
          "name": "Epic"
        },
        "assignee": null,
        "reporter": {
          "accountId": "reporter-1",
          "emailAddress": "reporter@golden.test",
          "displayName": "Test Reporter"
        },
        "created": "2024-01-12T11:00:00Z",
        "updated": "2024-01-13T11:00:00Z",
        "labels": [
          "golden"
        ],
        "components": [
          {
            "name": "Frontend"
          }
        ]
      }
    },
    {
      "id": "GOLD-1012",
      "key": "TEST-13",
      "fields": {
        "summary": "Golden test issue 13",
        "description": "This is a deterministic test issue number 13",
        "status": {
          "name": "Open"
        },
        "priority": {
          "name": "High"
        },
        "issuetype": {
          "name": "Bug"
        },
        "assignee": {
          "accountId": "user-0",
          "emailAddress": "user0@golden.test",
          "displayName": "Test User 0"
        },
        "reporter": {
          "accountId": "reporter-1",
          "emailAddress": "reporter@golden.test",
          "displayName": "Test Reporter"
        },
        "created": "2024-01-13T12:00:00Z",
        "updated": "2024-01-14T12:00:00Z",
        "labels": [
          "golden",
          "test"
        ],
        "components": [
          {
            "name": "Backend"
          }
        ]
      }
    },
    {
      "id": "GOLD-1013",
      "key": "TEST-14",
      "fields": {
        "summary": "Golden test issue 14",
        "description": "This is a deterministic test issue number 14",
        "status": {
          "name": "In Progress"
        },
        "priority": {
          "name": "Medium"
        },
        "issuetype": {
          "name": "Story"
        },
        "assignee": null,
        "reporter": {
          "accountId": "reporter-1",
          "emailAddress": "reporter@golden.test",
          "displayName": "Test Reporter"
        },
        "created": "2024-01-14T13:00:00Z",
        "updated": "2024-01-15T13:00:00Z",
        "labels": [
          "golden"
        ],
        "components": [
          {
            "name": "Frontend"
          }
        ]
      }
    },
    {
      "id": "GOLD-1014",
      "key": "TEST-15",
      "fields": {
        "summary": "Golden test issue 15",
        "description": "This is a deterministic test issue number 15",
        "status": {
          "name": "Done"
        },
        "priority": {
          "name": "Low"
        },
        "issuetype": {
          "name": "Task"
        },
        "assignee": {
          "accountId": "user-2",
          "emailAddress": "user2@golden.test",
          "displayName": "Test User 2"
        },
        "reporter": {
          "accountId": "reporter-1",
          "emailAddress": "reporter@golden.test",
          "displayName": "Test Reporter"
        },
        "created": "2024-01-15T14:00:00Z",
        "updated": "2024-01-16T14:00:00Z",
        "labels": [
          "golden"
        ],
        "components": [
          {
            "name": "Backend"
          }
        ]
      }
    },
    {
      "id": "GOLD-1015",
      "key": "TEST-16",
      "fields": {
        "summary": "Golden test issue 16",
        "description": "This is a deterministic test issue number 16",
        "status": {
          "name": "Blocked"
        },
        "priority": {
          "name": "High"
        },
        "issuetype": {
          "name": "Epic"
        },
        "assignee": null,
        "reporter": {
          "accountId": "reporter-1",
          "emailAddress": "reporter@golden.test",
          "displayName": "Test Reporter"
        },
        "created": "2024-01-16T15:00:00Z",
        "updated": "2024-01-17T15:00:00Z",
        "labels": [
          "golden",
          "test"
        ],
        "components": [
          {
            "name": "Frontend"
          }
        ]
      }
    },
    {
      "id": "GOLD-1016",
      "key": "TEST-17",
      "fields": {
        "summary": "Golden test issue 17",
        "description": "This is a deterministic test issue number 17",
        "status": {
          "name": "Open"
        },
        "priority": {
          "name": "Medium"
        },
        "issuetype": {
          "name": "Bug"
        },
        "assignee": {
          "accountId": "user-1",
          "emailAddress": "user1@golden.test",
          "displayName": "Test User 1"
        },
        "reporter": {
          "accountId": "reporter-1",
          "emailAddress": "reporter@golden.test",
          "displayName": "Test Reporter"
        },
        "created": "2024-01-17T16:00:00Z",
        "updated": "2024-01-18T16:00:00Z",
        "labels": [
          "golden"
        ],
        "components": [
          {
            "name": "Backend"
          }
        ]
      }
    },
    {
      "id": "GOLD-1017",
      "key": "TEST-18",
      "fields": {
        "summary": "Golden test issue 18",
        "description": "This is a deterministic test issue number 18",
        "status": {
          "name": "In Progress"
        },
        "priority": {
          "name": "Low"
        },
        "issuetype": {
          "name": "Story"
        },
        "assignee": null,
        "reporter": {
          "accountId": "reporter-1",
          "emailAddress": "reporter@golden.test",
          "displayName": "Test Reporter"
        },
        "created": "2024-01-18T17:00:00Z",
        "updated": "2024-01-19T17:00:00Z",
        "labels": [
          "golden"
        ],
        "components": [
          {
            "name": "Frontend"
          }
        ]
      }
    },
    {
      "id": "GOLD-1018",
      "key": "TEST-19",
      "fields": {
        "summary": "Golden test issue 19",
        "description": "This is a deterministic test issue number 19",
        "status": {
          "name": "Done"
        },
        "priority": {
          "name": "High"
        },
        "issuetype": {
          "name": "Task"
        },
        "assignee": {
          "accountId": "user-0",
          "emailAddress": "user0@golden.test",
          "displayName": "Test User 0"
        },
        "reporter": {
          "accountId": "reporter-1",
          "emailAddress": "reporter@golden.test",
          "displayName": "Test Reporter"
        },
        "created": "2024-01-19T18:00:00Z",
        "updated": "2024-01-20T18:00:00Z",
        "labels": [
          "golden",
          "test"
        ],
        "components": [
          {
            "name": "Backend"
          }
        ]
      }
    },
    {
      "id": "GOLD-1019",
      "key": "TEST-20",
      "fields": {
        "summary": "Golden test issue 20",
        "description": "This is a deterministic test issue number 20",
        "status": {
          "name": "Blocked"
        },
        "priority": {
          "name": "Medium"
        },
        "issuetype": {
          "name": "Epic"
        },
        "assignee": null,
        "reporter": {
          "accountId": "reporter-1",
          "emailAddress": "reporter@golden.test",
          "displayName": "Test Reporter"
        },
        "created": "2024-01-20T19:00:00Z",
        "updated": "2024-01-21T19:00:00Z",
        "labels": [
          "golden"
        ],
        "components": [
          {
            "name": "Frontend"
          }
        ]
      }
    },
    {
      "id": "GOLD-1020",
      "key": "TEST-21",
      "fields": {
        "summary": "Golden test issue 21",
        "description": "This is a deterministic test issue number 21",
        "status": {
          "name": "Open"
        },
        "priority": {
          "name": "Low"
        },
        "issuetype": {
          "name": "Bug"
        },
        "assignee": {
          "accountId": "user-2",
          "emailAddress": "user2@golden.test",
          "displayName": "Test User 2"
        },
        "reporter": {
          "accountId": "reporter-1",
          "emailAddress": "reporter@golden.test",
          "displayName": "Test Reporter"
        },
        "created": "2024-01-21T20:00:00Z",
        "updated": "2024-01-22T20:00:00Z",
        "labels": [
          "golden"
        ],
        "components": [
          {
            "name": "Backend"
          }
        ]
      }
    },
    {
      "id": "GOLD-1021",
      "key": "TEST-22",
      "fields": {
        "summary": "Golden test issue 22",
        "description": "This is a deterministic test issue number 22",
        "status": {
          "name": "In Progress"
        },
        "priority": {
          "name": "High"
        },
        "issuetype": {
          "name": "Story"
        },
        "assignee": null,
        "reporter": {
          "accountId": "reporter-1",
          "emailAddress": "reporter@golden.test",
          "displayName": "Test Reporter"
        },
        "created": "2024-01-22T21:00:00Z",
        "updated": "2024-01-23T21:00:00Z",
        "labels": [
          "golden",
          "test"
        ],
        "components": [
          {
            "name": "Frontend"
          }
        ]
      }
    },
    {
      "id": "GOLD-1022",
      "key": "TEST-23",
      "fields": {
        "summary": "Golden test issue 23",
        "description": "This is a deterministic test issue number 23",
        "status": {
          "name": "Done"
        },
        "priority": {
          "name": "Medium"
        },
        "issuetype": {
          "name": "Task"
        },
        "assignee": {
          "accountId": "user-1",
          "emailAddress": "user1@golden.test",
          "displayName": "Test User 1"
        },
        "reporter": {
          "accountId": "reporter-1",
          "emailAddress": "reporter@golden.test",
          "displayName": "Test Reporter"
        },
        "created": "2024-01-23T22:00:00Z",
        "updated": "2024-01-24T22:00:00Z",
        "labels": [
          "golden"
        ],
        "components": [
          {
            "name": "Backend"
          }
        ]
      }
    },
    {
      "id": "GOLD-1023",
      "key": "TEST-24",
      "fields": {
        "summary": "Golden test issue 24",
        "description": "This is a deterministic test issue number 24",
        "status": {
          "name": "Blocked"
        },
        "priority": {
          "name": "Low"
        },
        "issuetype": {
          "name": "Epic"
        },
        "assignee": null,
        "reporter": {
          "accountId": "reporter-1",
          "emailAddress": "reporter@golden.test",
          "displayName": "Test Reporter"
        },
        "created": "2024-01-24T23:00:00Z",
        "updated": "2024-01-25T23:00:00Z",
        "labels": [
          "golden"
        ],
        "components": [
          {
            "name": "Frontend"
          }
        ]
      }
    },
    {
      "id": "GOLD-1024",
      "key": "TEST-25",
      "fields": {
        "summary": "Golden test issue 25",
        "description": "This is a deterministic test issue number 25",
        "status": {
          "name": "Open"
        },
        "priority": {
          "name": "High"
        },
        "issuetype": {
          "name": "Bug"
        },
        "assignee": {
          "accountId": "user-0",
          "emailAddress": "user0@golden.test",
          "displayName": "Test User 0"
        },
        "reporter": {
          "accountId": "reporter-1",
          "emailAddress": "reporter@golden.test",
          "displayName": "Test Reporter"
        },
        "created": "2024-01-25T00:00:00Z",
        "updated": "2024-01-26T00:00:00Z",
        "labels": [
          "golden",
          "test"
        ],
        "components": [
          {
            "name": "Backend"
          }
        ]
      }
    }
  ],
  "metadata": {
    "type": "golden",
    "vendor": "jira",
    "generated_at": "2025-09-21T16:10:05.778639",
    "record_count": 25
  }
}